<html>
<body>
<pre>
<h1>µVision Build Log</h1>
<h2>Tool Versions:</h2>
IDE-Version: ¦ÌVision V5.37.0.0
Copyright (C) 2022 ARM Ltd and ARM Germany GmbH. All rights reserved.
License Information: qq qq@qq.com, ll, LIC=32B1Q-NIQYQ-2Z1W4-FNRGH-FW8ZE-U72H9
 
Tool Versions:
Toolchain:       MDK-ARM Plus  Version: 5.37.0.0
Toolchain Path:  F:\Keil\ARM\ARMCLANG\Bin
C Compiler:      ArmClang.exe V6.18
Assembler:       Armasm.exe V6.18
Linker/Locator:  ArmLink.exe V6.18
Library Manager: ArmAr.exe V6.18
Hex Converter:   FromElf.exe V6.18
CPU DLL:         SARMCM3.DLL V5.37.0.0
Dialog DLL:      DCM.DLL V1.17.5.0
Target DLL:      STLink\ST-LINKIII-KEIL_SWO.dll V3.0.9.0
Dialog DLL:      TCM.DLL V1.56.1.0
 
<h2>Project:</h2>
F:\STM32\F4_proj1\MDK-ARM\F4_proj1.uvprojx
Project File Date:  08/12/2026

<h2>Output:</h2>
*** Using Compiler 'V6.18', folder: 'F:\Keil\ARM\ARMCLANG\Bin'
Build target 'F4_proj1'
../Core/Src/main.c(102): warning: implicit declaration of function 'Beep_Init' is invalid in C99 [-Wimplicit-function-declaration]
  Beep_Init();
  ^
../Core/Src/main.c(141): warning: implicit declaration of function 'Beep_Alarm' is invalid in C99 [-Wimplicit-function-declaration]
        Beep_Alarm(1);
        ^
../Core/Src/main.c(147): warning: implicit declaration of function 'led_off_all' is invalid in C99 [-Wimplicit-function-declaration]
        led_off_all(); // å¾…æœº
        ^
../Core/Src/main.c(149): warning: implicit declaration of function 'Beep_Alarm' is invalid in C99 [-Wimplicit-function-declaration]
      Beep_Alarm(1);
      ^
../Core/Src/main.c(154): warning: implicit declaration of function 'led_off_all' is invalid in C99 [-Wimplicit-function-declaration]
      led_off_all();
      ^
../Core/Src/main.c(158): warning: implicit declaration of function 'led_Water' is invalid in C99 [-Wimplicit-function-declaration]
      led_Water();
      ^
../Core/Src/main.c(237): warning: implicit declaration of function 'TIM_PeriodElapsedCallback' is invalid in C99 [-Wimplicit-function-declaration]
  TIM_PeriodElapsedCallback(htim);
  ^
7 warnings generated.
compiling main.c...
linking...
Program Size: Code=11760 RO-data=448 RW-data=12 ZI-data=3404  
FromELF: creating hex file...
"F4_proj1\F4_proj1.axf" - 0 Error(s), 7 Warning(s).

<h2>Software Packages used:</h2>

Package Vendor: ARM
                http://www.keil.com/pack/ARM.CMSIS.5.9.0.pack
                ARM.CMSIS.5.9.0
                CMSIS (Common Microcontroller Software Interface Standard)
   * Component: CORE Version: 5.6.0

Package Vendor: Keil
                https://www.keil.com/pack/Keil.STM32F4xx_DFP.3.1.1.pack
                Keil.STM32F4xx_DFP.3.1.1
                STMicroelectronics STM32F4 Series Device Support

<h2>Collection of Component include folders:</h2>
  ./RTE/_F4_proj1
  F:/Keil/ARM/Pack/ARM/CMSIS/5.9.0/CMSIS/Core/Include

<h2>Collection of Component Files used:</h2>

   * Component: ARM::CMSIS:CORE:5.6.0
      Include file:  CMSIS/Core/Include/tz_context.h
Build Time Elapsed:  00:00:02
</pre>
</body>
</html>
